[debug] [2026-03-31T14:16:28.525Z] ----------------------------------------------------------------------
[debug] [2026-03-31T14:16:28.528Z] Command:       C:\Program Files\nodejs\node.exe C:\Users\felipe.rozzi\AppData\Roaming\npm\node_modules\firebase-tools\lib\bin\firebase.js init
[debug] [2026-03-31T14:16:28.528Z] CLI Version:   15.12.0
[debug] [2026-03-31T14:16:28.529Z] Platform:      win32
[debug] [2026-03-31T14:16:28.529Z] Node Version:  v24.13.0
[debug] [2026-03-31T14:16:28.529Z] Time:          Tue Mar 31 2026 11:16:28 GMT-0300 (Horário Padrão de Brasília)
[debug] [2026-03-31T14:16:28.529Z] ----------------------------------------------------------------------
[debug] 
[info] 
     ######## #### ########  ######## ########     ###     ######  ########
     ##        ##  ##     ## ##       ##     ##  ##   ##  ##       ##
     ######    ##  ########  ######   ########  #########  ######  ######
     ##        ##  ##    ##  ##       ##     ## ##     ##       ## ##
     ##       #### ##     ## ######## ########  ##     ##  ######  ########

You're about to initialize a Firebase project in this directory:

  C:\Users\felipe.rozzi\Documents\GitHub\PokeBuilder

[debug] [2026-03-31T14:16:46.502Z] ExitPromptError: User force closed the prompt with SIGINT
    at Interface.sigint (C:\Users\felipe.rozzi\AppData\Roaming\npm\node_modules\firebase-tools\node_modules\@inquirer\core\dist\commonjs\lib\create-prompt.js:101:37)
    at Interface.emit (node:events:508:28)
    at [_ttyWrite] [as _ttyWrite] (node:internal/readline/interface:1327:18)
    at ReadStream.onkeypress (node:internal/readline/interface:284:20)
    at ReadStream.emit (node:events:520:35)
    at emitKeys (node:internal/readline/utils:371:14)
    at emitKeys.next (<anonymous>)
    at ReadStream.onData (node:internal/readline/emitKeypressEvents:64:36)
    at ReadStream.emit (node:events:508:28)
    at addChunk (node:internal/streams/readable:559:12)
[error] 
[error] Error: An unexpected error has occurred.
